# comment
tile 32 32	# map space to space
tile '+ $80 0 '- '| 0
tile '+ $80 0 '- '+ 0
tile '+ $80 0 '+ '| 0
tile '+ $80 0 '+ '+ 0

tile '+ $81 0 0 '| '-
tile '+ $81 0 0 '+ '-
tile '+ $81 0 0 '| '+
tile '+ $81 0 0 '+ '+

tile '+ $82 '| '- 0 0
tile '+ $82 '+ '- 0 0
tile '+ $82 '| '+ 0 0
tile '+ $82 '+ '+ 0 0

tile '+ $83 '| 0 0 '-
tile '+ $83 '+ 0 0 '-
tile '+ $83 '| 0 0 '+
tile '+ $83 '+ 0 0 '+

tile '+ $84 '| '- '| 0
tile '+ $84 '+ '- '| 0
tile '+ $84 '| '+ '| 0
tile '+ $84 '+ '+ '| 0
tile '+ $84 '| '- '+ 0
tile '+ $84 '+ '- '+ 0
tile '+ $84 '| '+ '+ 0
tile '+ $84 '+ '+ '+ 0


tile '+ $85 '| 0 '| '-
tile '+ $85 '+ 0 '| '-
tile '+ $85 '| 0 '+ '-
tile '+ $85 '+ 0 '+ '-
tile '+ $85 '| 0 '| '+
tile '+ $85 '+ 0 '| '+
tile '+ $85 '| 0 '+ '+
tile '+ $85 '+ 0 '+ '+

tile '+ $86 0 '- '| '-
tile '+ $86 0 '+ '| '-
tile '+ $86 0 '- '+ '-
tile '+ $86 0 '+ '+ '-
tile '+ $86 0 '- '| '+
tile '+ $86 0 '+ '| '+
tile '+ $86 0 '- '+ '+
tile '+ $86 0 '+ '+ '+

tile '+ $87 '| '- 0 '-
tile '+ $87 '+ '- 0 '-
tile '+ $87 '| '+ 0 '-
tile '+ $87 '+ '+ 0 '-
tile '+ $87 '| '- 0 '+
tile '+ $87 '+ '- 0 '+
tile '+ $87 '| '+ 0 '+
tile '+ $87 '+ '+ 0 '+

tile '+ $88 '| '- '| '-
tile '+ $88 '+ '- '| '-
tile '+ $88 '| '+ '| '-
tile '+ $88 '+ '+ '| '-
tile '+ $88 '| '- '+ '-
tile '+ $88 '+ '- '+ '-
tile '+ $88 '| '+ '+ '-
tile '+ $88 '+ '+ '+ '-
tile '+ $88 '| '- '| '+
tile '+ $88 '+ '- '| '+
tile '+ $88 '| '+ '| '+
tile '+ $88 '+ '+ '| '+
tile '+ $88 '| '- '+ '+
tile '+ $88 '+ '- '+ '+
tile '+ $88 '| '+ '+ '+
tile '+ $88 '+ '+ '+ '+


tile '| $7e 0 0 '| 0
tile '| $7e 0 0 '+ 0
tile '| $7f 0 0 0 0
tile '- $7d 0 0 0 0 
map first 12 12
:+---+  +---
:|   |  |
:+-+ +--+ |
:  |    +-+-
:  |    |
:  |
:  +--------
